// Jest Snapshot v1, https://goo.gl/fbAQLP

exports[`exports 1`] = `
Object {
  "Button": [Function],
  "Checkbox": [Function],
  "Input": [Function],
  "Radio": [Function],
  "Select": [Function],
  "Switch": [Function],
}
`;
